"ab"""
false
true
false
true
true
true
true
0
1
2
"b"
"bc"
"bc"
"c"
""
(str.substr "abc" 4 1)
false
false
true
true
true
false
true
true
true
false
"a"
"b"
"c"
(str.at "abc" 3)
"acc"
"1"
"100"
1
(str.to.int "a")
2
2
3
(- 1)
(str.++ (str.++ a b) c)
a
a
(str.++ a "ab")
(+ (str.len a) 1)
(= "" b)
true
(str.prefixof (str.++ a b) c)
(str.prefixof c b)
false
true
(str.prefixof "b" c)
(str.prefixof (str.++ "b" a) c)
(str.suffixof (str.++ a b) b)
true
(str.suffixof (str.++ a b) c)
(str.suffixof c b)
false
true
(str.suffixof c "a")
(str.suffixof c (str.++ a "a"))
(str.contains a b)
(str.contains a (str.++ (str.++ a b) c))
(str.contains b (str.++ (str.++ a b) c))
(str.contains (str.++ a b) (str.++ (str.++ a b) c))
(str.contains (str.++ b c) (str.++ (str.++ a b) c))
(str.contains (str.++ a c) (str.++ (str.++ a b) c))
(str.contains a b)
true
true
true
true
(str.contains (str.++ (str.++ a b) c) (str.++ a c))
